// Jest Snapshot v1, https://goo.gl/fbAQLP

exports[`SelectIconGrid should render component layout correctly 1`] = `
<div
  className="select-icon-grid"
>
  <div
    className="select-icon-grid-row"
  >
    <label>
      <input
        name="iconSelect"
        onClick={[Function]}
        type="radio"
        value="1"
      />
      <img
        className="select-icon-grid-img"
        height={200}
        id="1"
        name="lslogo_1"
        src="ls-icon-1.svg"
      />
    </label>
    <label>
      <input
        name="iconSelect"
        onClick={[Function]}
        type="radio"
        value="2"
      />
      <img
        className="select-icon-grid-img"
        height={200}
        id="2"
        name="lslogo_2"
        src="ls-icon-2.svg"
      />
    </label>
    <label>
      <input
        name="iconSelect"
        onClick={[Function]}
        type="radio"
        value="3"
      />
      <img
        className="select-icon-grid-img"
        height={200}
        id="3"
        name="lslogo_3"
        src="ls-icon-3.svg"
      />
    </label>
    <label>
      <input
        name="iconSelect"
        onClick={[Function]}
        type="radio"
        value="4"
      />
      <img
        className="select-icon-grid-img"
        height={200}
        id="4"
        name="lslogo_4"
        src="ls-icon-4.svg"
      />
    </label>
    <label>
      <input
        name="iconSelect"
        onClick={[Function]}
        type="radio"
        value="5"
      />
      <img
        className="select-icon-grid-img"
        height={200}
        id="5"
        name="lslogo_5"
        src="ls-icon-5.svg"
      />
    </label>
  </div>
  <div
    className="select-icon-grid-row"
  >
    <label>
      <input
        name="iconSelect"
        onClick={[Function]}
        type="radio"
        value="6"
      />
      <img
        className="select-icon-grid-img"
        height={200}
        id="6"
        name="lslogo_6"
        src="ls-icon-6.svg"
      />
    </label>
    <label>
      <input
        name="iconSelect"
        onClick={[Function]}
        type="radio"
        value="7"
      />
      <img
        className="select-icon-grid-img"
        height={200}
        id="7"
        name="lslogo_7"
        src="ls-icon-7.svg"
      />
    </label>
    <label>
      <input
        name="iconSelect"
        onClick={[Function]}
        type="radio"
        value="8"
      />
      <img
        className="select-icon-grid-img"
        height={200}
        id="8"
        name="lslogo_8"
        src="ls-icon-8.svg"
      />
    </label>
    <label>
      <input
        name="iconSelect"
        onClick={[Function]}
        type="radio"
        value="9"
      />
      <img
        className="select-icon-grid-img"
        height={200}
        id="9"
        name="lslogo_9"
        src="ls-icon-9.svg"
      />
    </label>
    <label>
      <input
        name="iconSelect"
        onClick={[Function]}
        type="radio"
        value="10"
      />
      <img
        className="select-icon-grid-img"
        height={200}
        id="10"
        name="lslogo_10"
        src="ls-icon-10.svg"
      />
    </label>
  </div>
  <div
    className="select-icon-grid-row"
  >
    <label>
      <input
        name="iconSelect"
        onClick={[Function]}
        type="radio"
        value="11"
      />
      <img
        className="select-icon-grid-img"
        height={200}
        id="11"
        name="lslogo_11"
        src="ls-icon-11.svg"
      />
    </label>
    <label>
      <input
        name="iconSelect"
        onClick={[Function]}
        type="radio"
        value="12"
      />
      <img
        className="select-icon-grid-img"
        height={200}
        id="12"
        name="lslogo_12"
        src="ls-icon-12.svg"
      />
    </label>
    <label>
      <input
        name="iconSelect"
        onClick={[Function]}
        type="radio"
        value="13"
      />
      <img
        className="select-icon-grid-img"
        height={200}
        id="13"
        name="lslogo_13"
        src="ls-icon-13.svg"
      />
    </label>
    <label>
      <input
        name="iconSelect"
        onClick={[Function]}
        type="radio"
        value="14"
      />
      <img
        className="select-icon-grid-img"
        height={200}
        id="14"
        name="lslogo_14"
        src="ls-icon-14.svg"
      />
    </label>
    <label>
      <input
        name="iconSelect"
        onClick={[Function]}
        type="radio"
        value="15"
      />
      <img
        className="select-icon-grid-img"
        height={200}
        id="15"
        name="lslogo_15"
        src="ls-icon-15.svg"
      />
    </label>
  </div>
  <div
    className="select-icon-grid-row"
  >
    <label>
      <input
        name="iconSelect"
        onClick={[Function]}
        type="radio"
        value="16"
      />
      <img
        className="select-icon-grid-img"
        height={200}
        id="16"
        name="lslogo_16"
        src="ls-icon-16.svg"
      />
    </label>
    <label>
      <input
        name="iconSelect"
        onClick={[Function]}
        type="radio"
        value="17"
      />
      <img
        className="select-icon-grid-img"
        height={200}
        id="17"
        name="lslogo_17"
        src="ls-icon-17.svg"
      />
    </label>
    <label>
      <input
        name="iconSelect"
        onClick={[Function]}
        type="radio"
        value="18"
      />
      <img
        className="select-icon-grid-img"
        height={200}
        id="18"
        name="lslogo_18"
        src="ls-icon-18.svg"
      />
    </label>
    <label>
      <input
        name="iconSelect"
        onClick={[Function]}
        type="radio"
        value="19"
      />
      <img
        className="select-icon-grid-img"
        height={200}
        id="19"
        name="lslogo_19"
        src="ls-icon-19.svg"
      />
    </label>
    <label>
      <input
        name="iconSelect"
        onClick={[Function]}
        type="radio"
        value="20"
      />
      <img
        className="select-icon-grid-img"
        height={200}
        id="20"
        name="lslogo_20"
        src="ls-icon-20.svg"
      />
    </label>
  </div>
</div>
`;
